Collecting soup-cli==0.75.2 (from soup-cli[train]==0.75.2)
  Downloading soup_cli-0.75.2-py3-none-any.whl.metadata (29 kB)
Collecting transformers==5.16.1
  Downloading transformers-5.16.1-py3-none-any.whl.metadata (32 kB)
Collecting trl==0.29.0
  Downloading trl-0.29.0-py3-none-any.whl.metadata (11 kB)
Collecting peft==0.20.0
  Downloading peft-0.20.0-py3-none-any.whl.metadata (14 kB)
Requirement already satisfied: pytest in /usr/local/lib/python3.12/dist-packages (8.4.2)
Requirement already satisfied: pyarrow in /usr/local/lib/python3.12/dist-packages (18.1.0)
Collecting reportlab
  Downloading reportlab-5.0.1-py3-none-any.whl.metadata (1.6 kB)
Collecting pypdf
  Downloading pypdf-6.19.0-py3-none-any.whl.metadata (7.5 kB)
Requirement already satisfied: huggingface-hub>=0.16.0 in /usr/local/lib/python3.12/dist-packages (from soup-cli==0.75.2->soup-cli[train]==0.75.2) (1.23.0)
Requirement already satisfied: packaging>=21.0 in /usr/local/lib/python3.12/dist-packages (from soup-cli==0.75.2->soup-cli[train]==0.75.2) (26.2)
Collecting plotext>=5.2.0 (from soup-cli==0.75.2->soup-cli[train]==0.75.2)
  Downloading plotext-6.1.0-py3-none-manylinux_2_17_x86_64.manylinux2014_x86_64.whl.metadata (7.9 kB)
Requirement already satisfied: pydantic>=2.0.0 in /usr/local/lib/python3.12/dist-packages (from soup-cli==0.75.2->soup-cli[train]==0.75.2) (2.13.4)
Requirement already satisfied: pyyaml>=6.0 in /usr/local/lib/python3.12/dist-packages (from soup-cli==0.75.2->soup-cli[train]==0.75.2) (6.0.3)
Requirement already satisfied: rich>=13.0.0 in /usr/local/lib/python3.12/dist-packages (from soup-cli==0.75.2->soup-cli[train]==0.75.2) (13.9.4)
Collecting typer<0.21.0,>=0.9.0 (from soup-cli==0.75.2->soup-cli[train]==0.75.2)
  Downloading typer-0.20.1-py3-none-any.whl.metadata (16 kB)
Requirement already satisfied: numpy>=1.17 in /usr/local/lib/python3.12/dist-packages (from transformers==5.16.1) (2.0.2)
Requirement already satisfied: regex>=2025.10.22 in /usr/local/lib/python3.12/dist-packages (from transformers==5.16.1) (2025.11.3)
Collecting tokenizers<0.24.0,>=0.23.1 (from transformers==5.16.1)
  Downloading tokenizers-0.23.2-cp310-abi3-manylinux_2_17_x86_64.manylinux2014_x86_64.whl.metadata (9.8 kB)
Requirement already satisfied: safetensors>=0.8.0 in /usr/local/lib/python3.12/dist-packages (from transformers==5.16.1) (0.8.0)
Requirement already satisfied: tqdm>=4.60 in /usr/local/lib/python3.12/dist-packages (from transformers==5.16.1) (4.67.3)
Requirement already satisfied: accelerate>=1.4.0 in /usr/local/lib/python3.12/dist-packages (from trl==0.29.0) (1.14.0)
Requirement already satisfied: datasets>=3.0.0 in /usr/local/lib/python3.12/dist-packages (from trl==0.29.0) (4.0.0)
Requirement already satisfied: psutil in /usr/local/lib/python3.12/dist-packages (from peft==0.20.0) (5.9.5)
Requirement already satisfied: torch>=1.13.0 in /usr/local/lib/python3.12/dist-packages (from peft==0.20.0) (2.11.0+cu128)
Collecting bitsandbytes>=0.41.0 (from soup-cli[train]==0.75.2)
  Downloading bitsandbytes-0.50.2-py3-none-manylinux_2_24_x86_64.whl.metadata (10 kB)
Requirement already satisfied: iniconfig>=1 in /usr/local/lib/python3.12/dist-packages (from pytest) (2.3.0)
Requirement already satisfied: pluggy<2,>=1.5 in /usr/local/lib/python3.12/dist-packages (from pytest) (1.6.0)
Requirement already satisfied: pygments>=2.7.2 in /usr/local/lib/python3.12/dist-packages (from pytest) (2.20.0)
Requirement already satisfied: pillow>=9.0.0 in /usr/local/lib/python3.12/dist-packages (from reportlab) (11.3.0)
Requirement already satisfied: charset-normalizer in /usr/local/lib/python3.12/dist-packages (from reportlab) (3.4.9)
Requirement already satisfied: filelock in /usr/local/lib/python3.12/dist-packages (from datasets>=3.0.0->trl==0.29.0) (3.29.7)
Requirement already satisfied: dill<0.3.9,>=0.3.0 in /usr/local/lib/python3.12/dist-packages (from datasets>=3.0.0->trl==0.29.0) (0.3.8)
Requirement already satisfied: pandas in /usr/local/lib/python3.12/dist-packages (from datasets>=3.0.0->trl==0.29.0) (2.2.2)
Requirement already satisfied: requests>=2.32.2 in /usr/local/lib/python3.12/dist-packages (from datasets>=3.0.0->trl==0.29.0) (2.32.4)
Requirement already satisfied: xxhash in /usr/local/lib/python3.12/dist-packages (from datasets>=3.0.0->trl==0.29.0) (3.8.1)
Requirement already satisfied: multiprocess<0.70.17 in /usr/local/lib/python3.12/dist-packages (from datasets>=3.0.0->trl==0.29.0) (0.70.16)
Requirement already satisfied: fsspec<=2025.3.0,>=2023.1.0 in /usr/local/lib/python3.12/dist-packages (from fsspec[http]<=2025.3.0,>=2023.1.0->datasets>=3.0.0->trl==0.29.0) (2025.3.0)
Requirement already satisfied: click<9.0.0,>=8.4.2 in /usr/local/lib/python3.12/dist-packages (from huggingface-hub>=0.16.0->soup-cli==0.75.2->soup-cli[train]==0.75.2) (8.4.2)
Requirement already satisfied: hf-xet<2.0.0,>=1.5.1 in /usr/local/lib/python3.12/dist-packages (from huggingface-hub>=0.16.0->soup-cli==0.75.2->soup-cli[train]==0.75.2) (1.5.1)
Requirement already satisfied: httpx<1,>=0.23.0 in /usr/local/lib/python3.12/dist-packages (from huggingface-hub>=0.16.0->soup-cli==0.75.2->soup-cli[train]==0.75.2) (0.28.1)
Requirement already satisfied: typing-extensions>=4.1.0 in /usr/local/lib/python3.12/dist-packages (from huggingface-hub>=0.16.0->soup-cli==0.75.2->soup-cli[train]==0.75.2) (4.16.0)
Requirement already satisfied: annotated-types>=0.6.0 in /usr/local/lib/python3.12/dist-packages (from pydantic>=2.0.0->soup-cli==0.75.2->soup-cli[train]==0.75.2) (0.7.0)
Requirement already satisfied: pydantic-core==2.46.4 in /usr/local/lib/python3.12/dist-packages (from pydantic>=2.0.0->soup-cli==0.75.2->soup-cli[train]==0.75.2) (2.46.4)
Requirement already satisfied: typing-inspection>=0.4.2 in /usr/local/lib/python3.12/dist-packages (from pydantic>=2.0.0->soup-cli==0.75.2->soup-cli[train]==0.75.2) (0.4.2)
Requirement already satisfied: markdown-it-py>=2.2.0 in /usr/local/lib/python3.12/dist-packages (from rich>=13.0.0->soup-cli==0.75.2->soup-cli[train]==0.75.2) (4.2.0)
Requirement already satisfied: setuptools<82 in /usr/local/lib/python3.12/dist-packages (from torch>=1.13.0->peft==0.20.0) (75.2.0)
Requirement already satisfied: sympy>=1.13.3 in /usr/local/lib/python3.12/dist-packages (from torch>=1.13.0->peft==0.20.0) (1.14.0)
Requirement already satisfied: networkx>=2.5.1 in /usr/local/lib/python3.12/dist-packages (from torch>=1.13.0->peft==0.20.0) (3.6.1)
Requirement already satisfied: jinja2 in /usr/local/lib/python3.12/dist-packages (from torch>=1.13.0->peft==0.20.0) (3.1.6)
Requirement already satisfied: cuda-toolkit==12.8.1 in /usr/local/lib/python3.12/dist-packages (from cuda-toolkit[cublas,cudart,cufft,cufile,cupti,curand,cusolver,cusparse,nvjitlink,nvrtc,nvtx]==12.8.1; platform_system == "Linux"->torch>=1.13.0->peft==0.20.0) (12.8.1)
Requirement already satisfied: cuda-bindings<13,>=12.9.4 in /usr/local/lib/python3.12/dist-packages (from torch>=1.13.0->peft==0.20.0) (12.9.7)
Requirement already satisfied: nvidia-cudnn-cu12==9.19.0.56 in /usr/local/lib/python3.12/dist-packages (from torch>=1.13.0->peft==0.20.0) (9.19.0.56)
Requirement already satisfied: nvidia-cusparselt-cu12==0.7.1 in /usr/local/lib/python3.12/dist-packages (from torch>=1.13.0->peft==0.20.0) (0.7.1)
Requirement already satisfied: nvidia-nccl-cu12==2.28.9 in /usr/local/lib/python3.12/dist-packages (from torch>=1.13.0->peft==0.20.0) (2.28.9)
Requirement already satisfied: nvidia-nvshmem-cu12==3.4.5 in /usr/local/lib/python3.12/dist-packages (from torch>=1.13.0->peft==0.20.0) (3.4.5)
Requirement already satisfied: triton==3.6.0 in /usr/local/lib/python3.12/dist-packages (from torch>=1.13.0->peft==0.20.0) (3.6.0)
Requirement already satisfied: nvidia-cublas-cu12==12.8.4.1.* in /usr/local/lib/python3.12/dist-packages (from cuda-toolkit[cublas,cudart,cufft,cufile,cupti,curand,cusolver,cusparse,nvjitlink,nvrtc,nvtx]==12.8.1; platform_system == "Linux"->torch>=1.13.0->peft==0.20.0) (12.8.4.1)
Requirement already satisfied: nvidia-cuda-runtime-cu12==12.8.90.* in /usr/local/lib/python3.12/dist-packages (from cuda-toolkit[cublas,cudart,cufft,cufile,cupti,curand,cusolver,cusparse,nvjitlink,nvrtc,nvtx]==12.8.1; platform_system == "Linux"->torch>=1.13.0->peft==0.20.0) (12.8.90)
Requirement already satisfied: nvidia-cufft-cu12==11.3.3.83.* in /usr/local/lib/python3.12/dist-packages (from cuda-toolkit[cublas,cudart,cufft,cufile,cupti,curand,cusolver,cusparse,nvjitlink,nvrtc,nvtx]==12.8.1; platform_system == "Linux"->torch>=1.13.0->peft==0.20.0) (11.3.3.83)
Requirement already satisfied: nvidia-cufile-cu12==1.13.1.3.* in /usr/local/lib/python3.12/dist-packages (from cuda-toolkit[cublas,cudart,cufft,cufile,cupti,curand,cusolver,cusparse,nvjitlink,nvrtc,nvtx]==12.8.1; platform_system == "Linux"->torch>=1.13.0->peft==0.20.0) (1.13.1.3)
Requirement already satisfied: nvidia-cuda-cupti-cu12==12.8.90.* in /usr/local/lib/python3.12/dist-packages (from cuda-toolkit[cublas,cudart,cufft,cufile,cupti,curand,cusolver,cusparse,nvjitlink,nvrtc,nvtx]==12.8.1; platform_system == "Linux"->torch>=1.13.0->peft==0.20.0) (12.8.90)
Requirement already satisfied: nvidia-curand-cu12==10.3.9.90.* in /usr/local/lib/python3.12/dist-packages (from cuda-toolkit[cublas,cudart,cufft,cufile,cupti,curand,cusolver,cusparse,nvjitlink,nvrtc,nvtx]==12.8.1; platform_system == "Linux"->torch>=1.13.0->peft==0.20.0) (10.3.9.90)
Requirement already satisfied: nvidia-cusolver-cu12==11.7.3.90.* in /usr/local/lib/python3.12/dist-packages (from cuda-toolkit[cublas,cudart,cufft,cufile,cupti,curand,cusolver,cusparse,nvjitlink,nvrtc,nvtx]==12.8.1; platform_system == "Linux"->torch>=1.13.0->peft==0.20.0) (11.7.3.90)
Requirement already satisfied: nvidia-cusparse-cu12==12.5.8.93.* in /usr/local/lib/python3.12/dist-packages (from cuda-toolkit[cublas,cudart,cufft,cufile,cupti,curand,cusolver,cusparse,nvjitlink,nvrtc,nvtx]==12.8.1; platform_system == "Linux"->torch>=1.13.0->peft==0.20.0) (12.5.8.93)
Requirement already satisfied: nvidia-nvjitlink-cu12==12.8.93.* in /usr/local/lib/python3.12/dist-packages (from cuda-toolkit[cublas,cudart,cufft,cufile,cupti,curand,cusolver,cusparse,nvjitlink,nvrtc,nvtx]==12.8.1; platform_system == "Linux"->torch>=1.13.0->peft==0.20.0) (12.8.93)
Requirement already satisfied: nvidia-cuda-nvrtc-cu12==12.8.93.* in /usr/local/lib/python3.12/dist-packages (from cuda-toolkit[cublas,cudart,cufft,cufile,cupti,curand,cusolver,cusparse,nvjitlink,nvrtc,nvtx]==12.8.1; platform_system == "Linux"->torch>=1.13.0->peft==0.20.0) (12.8.93)
Requirement already satisfied: nvidia-nvtx-cu12==12.8.90.* in /usr/local/lib/python3.12/dist-packages (from cuda-toolkit[cublas,cudart,cufft,cufile,cupti,curand,cusolver,cusparse,nvjitlink,nvrtc,nvtx]==12.8.1; platform_system == "Linux"->torch>=1.13.0->peft==0.20.0) (12.8.90)
Requirement already satisfied: shellingham>=1.3.0 in /usr/local/lib/python3.12/dist-packages (from typer<0.21.0,>=0.9.0->soup-cli==0.75.2->soup-cli[train]==0.75.2) (1.5.4)
Requirement already satisfied: cuda-pathfinder~=1.1 in /usr/local/lib/python3.12/dist-packages (from cuda-bindings<13,>=12.9.4->torch>=1.13.0->peft==0.20.0) (1.5.6)
Requirement already satisfied: aiohttp!=4.0.0a0,!=4.0.0a1 in /usr/local/lib/python3.12/dist-packages (from fsspec[http]<=2025.3.0,>=2023.1.0->datasets>=3.0.0->trl==0.29.0) (3.14.1)
Requirement already satisfied: anyio in /usr/local/lib/python3.12/dist-packages (from httpx<1,>=0.23.0->huggingface-hub>=0.16.0->soup-cli==0.75.2->soup-cli[train]==0.75.2) (4.14.2)
Requirement already satisfied: certifi in /usr/local/lib/python3.12/dist-packages (from httpx<1,>=0.23.0->huggingface-hub>=0.16.0->soup-cli==0.75.2->soup-cli[train]==0.75.2) (2026.6.17)
Requirement already satisfied: httpcore==1.* in /usr/local/lib/python3.12/dist-packages (from httpx<1,>=0.23.0->huggingface-hub>=0.16.0->soup-cli==0.75.2->soup-cli[train]==0.75.2) (1.0.9)
Requirement already satisfied: idna in /usr/local/lib/python3.12/dist-packages (from httpx<1,>=0.23.0->huggingface-hub>=0.16.0->soup-cli==0.75.2->soup-cli[train]==0.75.2) (3.18)
Requirement already satisfied: h11>=0.16 in /usr/local/lib/python3.12/dist-packages (from httpcore==1.*->httpx<1,>=0.23.0->huggingface-hub>=0.16.0->soup-cli==0.75.2->soup-cli[train]==0.75.2) (0.16.0)
Requirement already satisfied: mdurl~=0.1 in /usr/local/lib/python3.12/dist-packages (from markdown-it-py>=2.2.0->rich>=13.0.0->soup-cli==0.75.2->soup-cli[train]==0.75.2) (0.1.2)
Requirement already satisfied: urllib3<3,>=1.21.1 in /usr/local/lib/python3.12/dist-packages (from requests>=2.32.2->datasets>=3.0.0->trl==0.29.0) (2.5.0)
Requirement already satisfied: mpmath<1.4,>=1.1.0 in /usr/local/lib/python3.12/dist-packages (from sympy>=1.13.3->torch>=1.13.0->peft==0.20.0) (1.3.0)
Requirement already satisfied: MarkupSafe>=2.0 in /usr/local/lib/python3.12/dist-packages (from jinja2->torch>=1.13.0->peft==0.20.0) (3.0.3)
Requirement already satisfied: python-dateutil>=2.8.2 in /usr/local/lib/python3.12/dist-packages (from pandas->datasets>=3.0.0->trl==0.29.0) (2.9.0.post0)
Requirement already satisfied: pytz>=2020.1 in /usr/local/lib/python3.12/dist-packages (from pandas->datasets>=3.0.0->trl==0.29.0) (2025.2)
Requirement already satisfied: tzdata>=2022.7 in /usr/local/lib/python3.12/dist-packages (from pandas->datasets>=3.0.0->trl==0.29.0) (2026.3)
Requirement already satisfied: aiohappyeyeballs>=2.5.0 in /usr/local/lib/python3.12/dist-packages (from aiohttp!=4.0.0a0,!=4.0.0a1->fsspec[http]<=2025.3.0,>=2023.1.0->datasets>=3.0.0->trl==0.29.0) (2.7.1)
Requirement already satisfied: aiosignal>=1.4.0 in /usr/local/lib/python3.12/dist-packages (from aiohttp!=4.0.0a0,!=4.0.0a1->fsspec[http]<=2025.3.0,>=2023.1.0->datasets>=3.0.0->trl==0.29.0) (1.4.0)
Requirement already satisfied: attrs>=17.3.0 in /usr/local/lib/python3.12/dist-packages (from aiohttp!=4.0.0a0,!=4.0.0a1->fsspec[http]<=2025.3.0,>=2023.1.0->datasets>=3.0.0->trl==0.29.0) (26.1.0)
Requirement already satisfied: frozenlist>=1.1.1 in /usr/local/lib/python3.12/dist-packages (from aiohttp!=4.0.0a0,!=4.0.0a1->fsspec[http]<=2025.3.0,>=2023.1.0->datasets>=3.0.0->trl==0.29.0) (1.8.0)
Requirement already satisfied: multidict<7.0,>=4.5 in /usr/local/lib/python3.12/dist-packages (from aiohttp!=4.0.0a0,!=4.0.0a1->fsspec[http]<=2025.3.0,>=2023.1.0->datasets>=3.0.0->trl==0.29.0) (6.7.1)
Requirement already satisfied: propcache>=0.2.0 in /usr/local/lib/python3.12/dist-packages (from aiohttp!=4.0.0a0,!=4.0.0a1->fsspec[http]<=2025.3.0,>=2023.1.0->datasets>=3.0.0->trl==0.29.0) (0.5.2)
Requirement already satisfied: yarl<2.0,>=1.17.0 in /usr/local/lib/python3.12/dist-packages (from aiohttp!=4.0.0a0,!=4.0.0a1->fsspec[http]<=2025.3.0,>=2023.1.0->datasets>=3.0.0->trl==0.29.0) (1.24.2)
Requirement already satisfied: six>=1.5 in /usr/local/lib/python3.12/dist-packages (from python-dateutil>=2.8.2->pandas->datasets>=3.0.0->trl==0.29.0) (1.17.0)
Downloading soup_cli-0.75.2-py3-none-any.whl (2.2 MB)
   ━━━━━━━━━━━━━━━━━━━━━━━━━━━━━━━━━━━━━━━━ 2.2/2.2 MB 41.6 MB/s eta 0:00:00
Downloading transformers-5.16.1-py3-none-any.whl (12.1 MB)
   ━━━━━━━━━━━━━━━━━━━━━━━━━━━━━━━━━━━━━━━━ 12.1/12.1 MB 98.0 MB/s eta 0:00:00
Downloading trl-0.29.0-py3-none-any.whl (528 kB)
   ━━━━━━━━━━━━━━━━━━━━━━━━━━━━━━━━━━━━━━━━ 528.8/528.8 kB 44.4 MB/s eta 0:00:00
Downloading peft-0.20.0-py3-none-any.whl (775 kB)
   ━━━━━━━━━━━━━━━━━━━━━━━━━━━━━━━━━━━━━━━━ 775.8/775.8 kB 70.9 MB/s eta 0:00:00
Downloading reportlab-5.0.1-py3-none-any.whl (2.0 MB)
   ━━━━━━━━━━━━━━━━━━━━━━━━━━━━━━━━━━━━━━━━ 2.0/2.0 MB 110.7 MB/s eta 0:00:00
Downloading pypdf-6.19.0-py3-none-any.whl (395 kB)
   ━━━━━━━━━━━━━━━━━━━━━━━━━━━━━━━━━━━━━━━━ 395.5/395.5 kB 47.1 MB/s eta 0:00:00
Downloading bitsandbytes-0.50.2-py3-none-manylinux_2_24_x86_64.whl (43.1 MB)
   ━━━━━━━━━━━━━━━━━━━━━━━━━━━━━━━━━━━━━━━━ 43.1/43.1 MB 20.8 MB/s eta 0:00:00
Downloading plotext-6.1.0-py3-none-manylinux_2_17_x86_64.manylinux2014_x86_64.whl (475 kB)
   ━━━━━━━━━━━━━━━━━━━━━━━━━━━━━━━━━━━━━━━━ 475.8/475.8 kB 45.4 MB/s eta 0:00:00
Downloading tokenizers-0.23.2-cp310-abi3-manylinux_2_17_x86_64.manylinux2014_x86_64.whl (3.4 MB)
   ━━━━━━━━━━━━━━━━━━━━━━━━━━━━━━━━━━━━━━━━ 3.4/3.4 MB 81.5 MB/s eta 0:00:00
Downloading typer-0.20.1-py3-none-any.whl (47 kB)
   ━━━━━━━━━━━━━━━━━━━━━━━━━━━━━━━━━━━━━━━━ 47.4/47.4 kB 8.5 MB/s eta 0:00:00
Installing collected packages: reportlab, pypdf, plotext, typer, tokenizers, soup-cli, transformers, bitsandbytes, trl, peft
  Attempting uninstall: typer
    Found existing installation: typer 0.26.8
    Uninstalling typer-0.26.8:
      Successfully uninstalled typer-0.26.8
  Attempting uninstall: tokenizers
    Found existing installation: tokenizers 0.22.2
    Uninstalling tokenizers-0.22.2:
      Successfully uninstalled tokenizers-0.22.2
  Attempting uninstall: transformers
    Found existing installation: transformers 5.13.1
    Uninstalling transformers-5.13.1:
      Successfully uninstalled transformers-5.13.1
  Attempting uninstall: peft
    Found existing installation: peft 0.19.1
    Uninstalling peft-0.19.1:
      Successfully uninstalled peft-0.19.1
Successfully installed bitsandbytes-0.50.2 peft-0.20.0 plotext-6.1.0 pypdf-6.19.0 reportlab-5.0.1 soup-cli-0.75.2 tokenizers-0.23.2 transformers-5.16.1 trl-0.29.0 typer-0.20.1
