[2026-10-04T23:12:03.291065Z]                               soup data lint (dpo)                              
[2026-10-04T23:12:03.291131Z] ┏━━━━━━━━━━━━━━━━━┳━━━━━━━━━┳━━━━━━━━━━━━━━━━━━━━━━━━┳━━━━━━━━━━━━━━━━━━━━━━━━━┓
[2026-10-04T23:12:03.291154Z] ┃ Check           ┃ Verdict ┃ Message                ┃ Evidence                ┃
[2026-10-04T23:12:03.291168Z] ┡━━━━━━━━━━━━━━━━━╇━━━━━━━━━╇━━━━━━━━━━━━━━━━━━━━━━━━╇━━━━━━━━━━━━━━━━━━━━━━━━━┩
[2026-10-04T23:12:03.291182Z] │ length_bias     │ MINOR   │ effect size (Cohen's   │ mean chosen=44.2, mean  │
[2026-10-04T23:12:03.291193Z] │                 │         │ d) = 0.357 (chosen     │ rejected=33.5           │
[2026-10-04T23:12:03.291203Z] │                 │         │ longer than rejected); │                         │
[2026-10-04T23:12:03.291213Z] │                 │         │ chosen is longer in    │                         │
[2026-10-04T23:12:03.291225Z] │                 │         │ 59.8% of rows          │                         │
[2026-10-04T23:12:03.291237Z] │ identical_pairs │ OK      │ 0/400 rows (0.0%) have │                         │
[2026-10-04T23:12:03.291249Z] │                 │         │ chosen == rejected     │                         │
[2026-10-04T23:12:03.291261Z] │                 │         │ (zero preference       │                         │
[2026-10-04T23:12:03.291273Z] │                 │         │ signal)                │                         │
[2026-10-04T23:12:03.291285Z] │ near_duplicates │ OK      │ near-dup check skipped │ pip install             │
[2026-10-04T23:12:03.291298Z] │                 │         │ (datasketch not        │ "soup-cli[data]" to     │
[2026-10-04T23:12:03.291333Z] │                 │         │ installed)             │ enable                  │
[2026-10-04T23:12:03.291349Z] │ prompt_leak     │ OK      │ 0/400 rows (0.0%) have │ min_prompt_len=40       │
[2026-10-04T23:12:03.291362Z] │                 │         │ the prompt echoed      │                         │
[2026-10-04T23:12:03.291374Z] │                 │         │ verbatim inside the    │                         │
[2026-10-04T23:12:03.291386Z] │                 │         │ completion             │                         │
[2026-10-04T23:12:03.291399Z] └─────────────────┴─────────┴────────────────────────┴─────────────────────────┘
[2026-10-04T23:12:03.292234Z] ╭────────── overall ───────────╮
[2026-10-04T23:12:03.292278Z] │ MINOR — 400/400 rows scanned │
[2026-10-04T23:12:03.292295Z] ╰──────────────────────────────╯
[2026-10-04T23:12:03.294790Z] Wrote artifacts/attempt-04/data-lint.json
