[2026-10-04T23:11:40.747958Z] Soup Doctor - checking your environment...
[2026-10-04T23:11:40.748021Z] 
[2026-10-04T23:11:40.752486Z] ╭─────────────────────────────────── System ───────────────────────────────────╮
[2026-10-04T23:11:40.752575Z] │ Python:   3.12.13                                                            │
[2026-10-04T23:11:40.752606Z] │ Platform: Linux 6.6.122+                                                     │
[2026-10-04T23:11:40.752619Z] │ Arch:     x86_64                                                             │
[2026-10-04T23:11:40.752630Z] │ `soup` runs under /usr/bin/python3; `python` on your PATH is                 │
[2026-10-04T23:11:40.752643Z] │ /usr/local/bin/python. site-packages may differ — for any `python -c` check  │
[2026-10-04T23:11:40.752655Z] │ use the soup interpreter explicitly.                                         │
[2026-10-04T23:11:40.752668Z] ╰──────────────────────────────────────────────────────────────────────────────╯
[2026-10-04T23:11:43.033529Z] ╭──────────────────────────────────── GPU ─────────────────────────────────────╮
[2026-10-04T23:11:43.033701Z] │ CUDA:     available (v12.8)                                                  │
[2026-10-04T23:11:43.033730Z] │ GPUs:     1                                                                  │
[2026-10-04T23:11:43.033745Z] │   GPU 0: Tesla T4 (14.6 GB)                                                  │
[2026-10-04T23:11:43.033951Z] ╰──────────────────────────────────────────────────────────────────────────────╯
[2026-10-04T23:11:43.055049Z]     System Resources     
[2026-10-04T23:11:43.055100Z] ┏━━━━━━━━━━┳━━━━━━━━━━━━┓
[2026-10-04T23:11:43.055119Z] ┃ Resource ┃ Value      ┃
[2026-10-04T23:11:43.055132Z] ┡━━━━━━━━━━╇━━━━━━━━━━━━┩
[2026-10-04T23:11:43.055146Z] │ RAM      │ 13 GB      │
[2026-10-04T23:11:43.055159Z] │ Disk     │ 68 GB free │
[2026-10-04T23:11:43.055171Z] └──────────┴────────────┘
[2026-10-04T23:11:43.055351Z] 
[2026-10-04T23:12:00.024390Z]                               Dependencies                              
[2026-10-04T23:12:00.024453Z] ┏━━━━━━━━━━━━━━┳━━━━━━━━━━┳━━━━━━━━━━━━━━┳━━━━━━━━━━━━━┳━━━━━━━━━━━━━━━┓
[2026-10-04T23:12:00.024475Z] ┃ Package      ┃ Required ┃  Installed   ┃ Min Version ┃ Status        ┃
[2026-10-04T23:12:00.024490Z] ┡━━━━━━━━━━━━━━╇━━━━━━━━━━╇━━━━━━━━━━━━━━╇━━━━━━━━━━━━━╇━━━━━━━━━━━━━━━┩
[2026-10-04T23:12:00.024504Z] │ pydantic     │   yes    │    2.13.4    │ >=2.0.0     │ OK            │
[2026-10-04T23:12:00.024517Z] │ typer        │   yes    │    0.20.1    │ >=0.9.0     │ OK            │
[2026-10-04T23:12:00.024529Z] │ rich         │   yes    │    13.9.4    │ >=13.0.0    │ OK            │
[2026-10-04T23:12:00.024552Z] │ pyyaml       │   yes    │    6.0.3     │ >=6.0       │ OK            │
[2026-10-04T23:12:00.024566Z] │ plotext      │   yes    │    6.1.0     │ >=5.2.0     │ OK            │
[2026-10-04T23:12:00.024580Z] │ fastapi      │ optional │   0.139.0    │ >=0.104.0   │ OK            │
[2026-10-04T23:12:00.024606Z] │ uvicorn      │ optional │    0.51.0    │ >=0.24.0    │ OK            │
[2026-10-04T23:12:00.024619Z] │ datasketch   │ optional │      -       │ >=1.6.0     │ not installed │
[2026-10-04T23:12:00.024632Z] │ lm-eval      │ optional │      -       │ >=0.4.0     │ not installed │
[2026-10-04T23:12:00.024644Z] │ wandb        │ optional │    0.28.0    │ >=0.15.0    │ OK            │
[2026-10-04T23:12:00.024656Z] │ deepspeed    │ optional │      -       │ >=0.12.0    │ not installed │
[2026-10-04T23:12:00.024668Z] │ httpx        │ optional │    0.28.1    │ >=0.24.0    │ OK            │
[2026-10-04T23:12:00.024682Z] │ unsloth      │ optional │      -       │ >=2024.8    │ not installed │
[2026-10-04T23:12:00.024695Z] │ Pillow       │ optional │    11.3.0    │ >=9.0.0     │ OK            │
[2026-10-04T23:12:00.024707Z] │ torchao      │ optional │      -       │ >=0.4.0     │ not installed │
[2026-10-04T23:12:00.024719Z] │ sglang       │ optional │      -       │ >=0.2.0     │ not installed │
[2026-10-04T23:12:00.024737Z] │ librosa      │ optional │    0.11.0    │ >=0.10.0    │ OK            │
[2026-10-04T23:12:00.024749Z] │ torch        │ [train]  │ 2.11.0+cu128 │ >=2.6.0     │ OK            │
[2026-10-04T23:12:00.024761Z] │ transformers │ [train]  │    5.16.1    │ >=5.16.1    │ OK            │
[2026-10-04T23:12:00.024772Z] │ peft         │ [train]  │    0.20.0    │ >=0.20.0    │ OK            │
[2026-10-04T23:12:00.024783Z] │ trl          │ [train]  │    0.29.0    │ >=0.29.0    │ OK            │
[2026-10-04T23:12:00.024796Z] │ datasets     │ [train]  │    4.0.0     │ >=2.14.0    │ OK            │
[2026-10-04T23:12:00.024807Z] │ bitsandbytes │ [train]  │    0.50.2    │ >=0.41.0    │ OK            │
[2026-10-04T23:12:00.024817Z] │ accelerate   │ [train]  │    1.14.0    │ >=0.27.0    │ OK            │
[2026-10-04T23:12:00.024829Z] └──────────────┴──────────┴──────────────┴─────────────┴───────────────┘
[2026-10-04T23:12:00.033945Z] 
[2026-10-04T23:12:00.033990Z] All checks passed! Your environment is ready.
[2026-10-04T23:12:00.057367Z] 
[2026-10-04T23:12:00.057409Z] Config check - task=dpo backend=transformers
[2026-10-04T23:12:00.057426Z]   Every setting this config writes is read on this backend.
[2026-10-04T23:12:00.057439Z] 
[2026-10-04T23:12:00.057452Z] GitHub: https://github.com/MakazhanAlpamys/Soup
