[2026-10-04T23:41:45.733840Z] Sun Oct  4 23:41:45 2026       
[2026-10-04T23:41:45.734056Z] +-----------------------------------------------------------------------------------------+
[2026-10-04T23:41:45.734079Z] | NVIDIA-SMI 580.82.07              Driver Version: 580.82.07      CUDA Version: 13.0     |
[2026-10-04T23:41:45.734092Z] +-----------------------------------------+------------------------+----------------------+
[2026-10-04T23:41:45.734105Z] | GPU  Name                 Persistence-M | Bus-Id          Disp.A | Volatile Uncorr. ECC |
[2026-10-04T23:41:45.734264Z] | Fan  Temp   Perf          Pwr:Usage/Cap |           Memory-Usage | GPU-Util  Compute M. |
[2026-10-04T23:41:45.734277Z] |                                         |                        |               MIG M. |
[2026-10-04T23:41:45.734288Z] |=========================================+========================+======================|
[2026-10-04T23:41:45.751509Z] |   0  Tesla T4                       Off |   00000000:00:04.0 Off |                    0 |
[2026-10-04T23:41:45.752990Z] | N/A   73C    P0             32W /   70W |       0MiB /  15360MiB |      0%      Default |
[2026-10-04T23:41:45.753030Z] |                                         |                        |                  N/A |
[2026-10-04T23:41:45.753044Z] +-----------------------------------------+------------------------+----------------------+
[2026-10-04T23:41:45.753057Z] 
[2026-10-04T23:41:45.753069Z] +-----------------------------------------------------------------------------------------+
[2026-10-04T23:41:45.753081Z] | Processes:                                                                              |
[2026-10-04T23:41:45.753093Z] |  GPU   GI   CI              PID   Type   Process name                        GPU Memory |
[2026-10-04T23:41:45.753105Z] |        ID   ID                                                               Usage      |
[2026-10-04T23:41:45.753117Z] |=========================================================================================|
[2026-10-04T23:41:45.753129Z] |  No running processes found                                                             |
[2026-10-04T23:41:45.753140Z] +-----------------------------------------------------------------------------------------+
