[2026-10-04T23:11:36.491758Z] Sun Oct  4 23:11:36 2026       
[2026-10-04T23:11:36.492396Z] +-----------------------------------------------------------------------------------------+
[2026-10-04T23:11:36.492430Z] | NVIDIA-SMI 580.82.07              Driver Version: 580.82.07      CUDA Version: 13.0     |
[2026-10-04T23:11:36.492447Z] +-----------------------------------------+------------------------+----------------------+
[2026-10-04T23:11:36.492463Z] | GPU  Name                 Persistence-M | Bus-Id          Disp.A | Volatile Uncorr. ECC |
[2026-10-04T23:11:36.492477Z] | Fan  Temp   Perf          Pwr:Usage/Cap |           Memory-Usage | GPU-Util  Compute M. |
[2026-10-04T23:11:36.492490Z] |                                         |                        |               MIG M. |
[2026-10-04T23:11:36.492504Z] |=========================================+========================+======================|
[2026-10-04T23:11:36.509364Z] |   0  Tesla T4                       Off |   00000000:00:04.0 Off |                    0 |
[2026-10-04T23:11:36.509400Z] | N/A   36C    P8              9W /   70W |       0MiB /  15360MiB |      0%      Default |
[2026-10-04T23:11:36.509415Z] |                                         |                        |                  N/A |
[2026-10-04T23:11:36.509428Z] +-----------------------------------------+------------------------+----------------------+
[2026-10-04T23:11:36.509440Z] 
[2026-10-04T23:11:36.509451Z] +-----------------------------------------------------------------------------------------+
[2026-10-04T23:11:36.509463Z] | Processes:                                                                              |
[2026-10-04T23:11:36.509474Z] |  GPU   GI   CI              PID   Type   Process name                        GPU Memory |
[2026-10-04T23:11:36.509486Z] |        ID   ID                                                               Usage      |
[2026-10-04T23:11:36.509496Z] |=========================================================================================|
[2026-10-04T23:11:36.509602Z] |  No running processes found                                                             |
[2026-10-04T23:11:36.509654Z] +-----------------------------------------------------------------------------------------+
