[2026-10-04T22:56:27.439138Z]                               soup data lint (dpo)                              
[2026-10-04T22:56:27.439207Z] ┏━━━━━━━━━━━━━━━━━┳━━━━━━━━━┳━━━━━━━━━━━━━━━━━━━━━━━━┳━━━━━━━━━━━━━━━━━━━━━━━━━┓
[2026-10-04T22:56:27.439230Z] ┃ Check           ┃ Verdict ┃ Message                ┃ Evidence                ┃
[2026-10-04T22:56:27.439243Z] ┡━━━━━━━━━━━━━━━━━╇━━━━━━━━━╇━━━━━━━━━━━━━━━━━━━━━━━━╇━━━━━━━━━━━━━━━━━━━━━━━━━┩
[2026-10-04T22:56:27.439258Z] │ length_bias     │ MINOR   │ effect size (Cohen's   │ mean chosen=44.2, mean  │
[2026-10-04T22:56:27.439269Z] │                 │         │ d) = 0.357 (chosen     │ rejected=33.5           │
[2026-10-04T22:56:27.439279Z] │                 │         │ longer than rejected); │                         │
[2026-10-04T22:56:27.439289Z] │                 │         │ chosen is longer in    │                         │
[2026-10-04T22:56:27.439300Z] │                 │         │ 59.8% of rows          │                         │
[2026-10-04T22:56:27.439333Z] │ identical_pairs │ OK      │ 0/400 rows (0.0%) have │                         │
[2026-10-04T22:56:27.439346Z] │                 │         │ chosen == rejected     │                         │
[2026-10-04T22:56:27.439358Z] │                 │         │ (zero preference       │                         │
[2026-10-04T22:56:27.439370Z] │                 │         │ signal)                │                         │
[2026-10-04T22:56:27.439381Z] │ near_duplicates │ OK      │ near-dup check skipped │ pip install             │
[2026-10-04T22:56:27.439392Z] │                 │         │ (datasketch not        │ "soup-cli[data]" to     │
[2026-10-04T22:56:27.439404Z] │                 │         │ installed)             │ enable                  │
[2026-10-04T22:56:27.439416Z] │ prompt_leak     │ OK      │ 0/400 rows (0.0%) have │ min_prompt_len=40       │
[2026-10-04T22:56:27.439428Z] │                 │         │ the prompt echoed      │                         │
[2026-10-04T22:56:27.439440Z] │                 │         │ verbatim inside the    │                         │
[2026-10-04T22:56:27.439452Z] │                 │         │ completion             │                         │
[2026-10-04T22:56:27.439464Z] └─────────────────┴─────────┴────────────────────────┴─────────────────────────┘
[2026-10-04T22:56:27.440124Z] ╭────────── overall ───────────╮
[2026-10-04T22:56:27.441643Z] │ MINOR — 400/400 rows scanned │
[2026-10-04T22:56:27.441684Z] ╰──────────────────────────────╯
[2026-10-04T22:56:27.444319Z] Wrote artifacts/attempt-02/data-lint.json
