[2026-10-04T22:56:05.958032Z] Soup Doctor - checking your environment...
[2026-10-04T22:56:05.958274Z] 
[2026-10-04T22:56:05.960812Z] ╭─────────────────────────────────── System ───────────────────────────────────╮
[2026-10-04T22:56:05.960856Z] │ Python:   3.12.13                                                            │
[2026-10-04T22:56:05.960875Z] │ Platform: Linux 6.6.122+                                                     │
[2026-10-04T22:56:05.960889Z] │ Arch:     x86_64                                                             │
[2026-10-04T22:56:05.960902Z] │ `soup` runs under /usr/bin/python3; `python` on your PATH is                 │
[2026-10-04T22:56:05.960913Z] │ /usr/local/bin/python. site-packages may differ — for any `python -c` check  │
[2026-10-04T22:56:05.960924Z] │ use the soup interpreter explicitly.                                         │
[2026-10-04T22:56:05.960936Z] ╰──────────────────────────────────────────────────────────────────────────────╯
[2026-10-04T22:56:08.294242Z] ╭──────────────────────────────────── GPU ─────────────────────────────────────╮
[2026-10-04T22:56:08.294330Z] │ CUDA:     available (v12.8)                                                  │
[2026-10-04T22:56:08.294353Z] │ GPUs:     1                                                                  │
[2026-10-04T22:56:08.294367Z] │   GPU 0: Tesla T4 (14.6 GB)                                                  │
[2026-10-04T22:56:08.294381Z] ╰──────────────────────────────────────────────────────────────────────────────╯
[2026-10-04T22:56:08.317358Z]     System Resources     
[2026-10-04T22:56:08.317415Z] ┏━━━━━━━━━━┳━━━━━━━━━━━━┓
[2026-10-04T22:56:08.317436Z] ┃ Resource ┃ Value      ┃
[2026-10-04T22:56:08.317451Z] ┡━━━━━━━━━━╇━━━━━━━━━━━━┩
[2026-10-04T22:56:08.317463Z] │ RAM      │ 13 GB      │
[2026-10-04T22:56:08.317476Z] │ Disk     │ 71 GB free │
[2026-10-04T22:56:08.317489Z] └──────────┴────────────┘
[2026-10-04T22:56:08.318558Z] 
[2026-10-04T22:56:23.776370Z]                               Dependencies                              
[2026-10-04T22:56:23.776427Z] ┏━━━━━━━━━━━━━━┳━━━━━━━━━━┳━━━━━━━━━━━━━━┳━━━━━━━━━━━━━┳━━━━━━━━━━━━━━━┓
[2026-10-04T22:56:23.776455Z] ┃ Package      ┃ Required ┃  Installed   ┃ Min Version ┃ Status        ┃
[2026-10-04T22:56:23.776472Z] ┡━━━━━━━━━━━━━━╇━━━━━━━━━━╇━━━━━━━━━━━━━━╇━━━━━━━━━━━━━╇━━━━━━━━━━━━━━━┩
[2026-10-04T22:56:23.776488Z] │ pydantic     │   yes    │    2.13.4    │ >=2.0.0     │ OK            │
[2026-10-04T22:56:23.776502Z] │ typer        │   yes    │    0.20.1    │ >=0.9.0     │ OK            │
[2026-10-04T22:56:23.776516Z] │ rich         │   yes    │    13.9.4    │ >=13.0.0    │ OK            │
[2026-10-04T22:56:23.776529Z] │ pyyaml       │   yes    │    6.0.3     │ >=6.0       │ OK            │
[2026-10-04T22:56:23.776543Z] │ plotext      │   yes    │    6.1.0     │ >=5.2.0     │ OK            │
[2026-10-04T22:56:23.776556Z] │ fastapi      │ optional │   0.139.0    │ >=0.104.0   │ OK            │
[2026-10-04T22:56:23.776589Z] │ uvicorn      │ optional │    0.51.0    │ >=0.24.0    │ OK            │
[2026-10-04T22:56:23.776604Z] │ datasketch   │ optional │      -       │ >=1.6.0     │ not installed │
[2026-10-04T22:56:23.776616Z] │ lm-eval      │ optional │      -       │ >=0.4.0     │ not installed │
[2026-10-04T22:56:23.776629Z] │ wandb        │ optional │    0.28.0    │ >=0.15.0    │ OK            │
[2026-10-04T22:56:23.776643Z] │ deepspeed    │ optional │      -       │ >=0.12.0    │ not installed │
[2026-10-04T22:56:23.776655Z] │ httpx        │ optional │    0.28.1    │ >=0.24.0    │ OK            │
[2026-10-04T22:56:23.776668Z] │ unsloth      │ optional │      -       │ >=2024.8    │ not installed │
[2026-10-04T22:56:23.776681Z] │ Pillow       │ optional │    11.3.0    │ >=9.0.0     │ OK            │
[2026-10-04T22:56:23.776694Z] │ torchao      │ optional │      -       │ >=0.4.0     │ not installed │
[2026-10-04T22:56:23.776707Z] │ sglang       │ optional │      -       │ >=0.2.0     │ not installed │
[2026-10-04T22:56:23.776724Z] │ librosa      │ optional │    0.11.0    │ >=0.10.0    │ OK            │
[2026-10-04T22:56:23.776738Z] │ torch        │ [train]  │ 2.11.0+cu128 │ >=2.6.0     │ OK            │
[2026-10-04T22:56:23.776751Z] │ transformers │ [train]  │    5.16.1    │ >=5.16.1    │ OK            │
[2026-10-04T22:56:23.776764Z] │ peft         │ [train]  │    0.20.0    │ >=0.20.0    │ OK            │
[2026-10-04T22:56:23.776777Z] │ trl          │ [train]  │    0.29.0    │ >=0.29.0    │ OK            │
[2026-10-04T22:56:23.776789Z] │ datasets     │ [train]  │    4.0.0     │ >=2.14.0    │ OK            │
[2026-10-04T22:56:23.776802Z] │ bitsandbytes │ [train]  │    0.50.2    │ >=0.41.0    │ OK            │
[2026-10-04T22:56:23.776815Z] │ accelerate   │ [train]  │    1.14.0    │ >=0.27.0    │ OK            │
[2026-10-04T22:56:23.776828Z] └──────────────┴──────────┴──────────────┴─────────────┴───────────────┘
[2026-10-04T22:56:23.778937Z] 
[2026-10-04T22:56:23.778979Z] All checks passed! Your environment is ready.
[2026-10-04T22:56:23.807355Z] 
[2026-10-04T22:56:23.807397Z] Config check - task=dpo backend=transformers
[2026-10-04T22:56:23.808934Z]   Every setting this config writes is read on this backend.
[2026-10-04T22:56:23.809838Z] 
[2026-10-04T22:56:23.809872Z] GitHub: https://github.com/MakazhanAlpamys/Soup
