[2026-10-04T22:56:01.668401Z] Sun Oct  4 22:56:01 2026       
[2026-10-04T22:56:01.668457Z] +-----------------------------------------------------------------------------------------+
[2026-10-04T22:56:01.668477Z] | NVIDIA-SMI 580.82.07              Driver Version: 580.82.07      CUDA Version: 13.0     |
[2026-10-04T22:56:01.668490Z] +-----------------------------------------+------------------------+----------------------+
[2026-10-04T22:56:01.668502Z] | GPU  Name                 Persistence-M | Bus-Id          Disp.A | Volatile Uncorr. ECC |
[2026-10-04T22:56:01.668514Z] | Fan  Temp   Perf          Pwr:Usage/Cap |           Memory-Usage | GPU-Util  Compute M. |
[2026-10-04T22:56:01.668526Z] |                                         |                        |               MIG M. |
[2026-10-04T22:56:01.668538Z] |=========================================+========================+======================|
[2026-10-04T22:56:01.687355Z] |   0  Tesla T4                       Off |   00000000:00:04.0 Off |                    0 |
[2026-10-04T22:56:01.687394Z] | N/A   39C    P8             13W /   70W |       0MiB /  15360MiB |      0%      Default |
[2026-10-04T22:56:01.687410Z] |                                         |                        |                  N/A |
[2026-10-04T22:56:01.687423Z] +-----------------------------------------+------------------------+----------------------+
[2026-10-04T22:56:01.687435Z] 
[2026-10-04T22:56:01.687446Z] +-----------------------------------------------------------------------------------------+
[2026-10-04T22:56:01.687458Z] | Processes:                                                                              |
[2026-10-04T22:56:01.687468Z] |  GPU   GI   CI              PID   Type   Process name                        GPU Memory |
[2026-10-04T22:56:01.687479Z] |        ID   ID                                                               Usage      |
[2026-10-04T22:56:01.687489Z] |=========================================================================================|
[2026-10-04T22:56:01.687594Z] |  No running processes found                                                             |
[2026-10-04T22:56:01.687625Z] +-----------------------------------------------------------------------------------------+
