[2026-10-04T22:57:27.431651Z] Sun Oct  4 22:57:27 2026       
[2026-10-04T22:57:27.431706Z] +-----------------------------------------------------------------------------------------+
[2026-10-04T22:57:27.431721Z] | NVIDIA-SMI 580.82.07              Driver Version: 580.82.07      CUDA Version: 13.0     |
[2026-10-04T22:57:27.431732Z] +-----------------------------------------+------------------------+----------------------+
[2026-10-04T22:57:27.431742Z] | GPU  Name                 Persistence-M | Bus-Id          Disp.A | Volatile Uncorr. ECC |
[2026-10-04T22:57:27.431752Z] | Fan  Temp   Perf          Pwr:Usage/Cap |           Memory-Usage | GPU-Util  Compute M. |
[2026-10-04T22:57:27.431762Z] |                                         |                        |               MIG M. |
[2026-10-04T22:57:27.431772Z] |=========================================+========================+======================|
[2026-10-04T22:57:27.466462Z] |   0  Tesla T4                       Off |   00000000:00:04.0 Off |                    0 |
[2026-10-04T22:57:27.466504Z] | N/A   41C    P0             27W /   70W |       0MiB /  15360MiB |      0%      Default |
[2026-10-04T22:57:27.466520Z] |                                         |                        |                  N/A |
[2026-10-04T22:57:27.466535Z] +-----------------------------------------+------------------------+----------------------+
[2026-10-04T22:57:27.466549Z] 
[2026-10-04T22:57:27.466562Z] +-----------------------------------------------------------------------------------------+
[2026-10-04T22:57:27.466575Z] | Processes:                                                                              |
[2026-10-04T22:57:27.466588Z] |  GPU   GI   CI              PID   Type   Process name                        GPU Memory |
[2026-10-04T22:57:27.466601Z] |        ID   ID                                                               Usage      |
[2026-10-04T22:57:27.466616Z] |=========================================================================================|
[2026-10-04T22:57:27.466629Z] |  No running processes found                                                             |
[2026-10-04T22:57:27.466642Z] +-----------------------------------------------------------------------------------------+
