                              soup data lint (dpo)                              
┏━━━━━━━━━━━━━━━━━┳━━━━━━━━━┳━━━━━━━━━━━━━━━━━━━━━━━━┳━━━━━━━━━━━━━━━━━━━━━━━━━┓
┃ Check           ┃ Verdict ┃ Message                ┃ Evidence                ┃
┡━━━━━━━━━━━━━━━━━╇━━━━━━━━━╇━━━━━━━━━━━━━━━━━━━━━━━━╇━━━━━━━━━━━━━━━━━━━━━━━━━┩
│ length_bias     │ MINOR   │ effect size (Cohen's   │ mean chosen=44.2, mean  │
│                 │         │ d) = 0.357 (chosen     │ rejected=33.5           │
│                 │         │ longer than rejected); │                         │
│                 │         │ chosen is longer in    │                         │
│                 │         │ 59.8% of rows          │                         │
│ identical_pairs │ OK      │ 0/400 rows (0.0%) have │                         │
│                 │         │ chosen == rejected     │                         │
│                 │         │ (zero preference       │                         │
│                 │         │ signal)                │                         │
│ near_duplicates │ OK      │ near-dup check skipped │ pip install             │
│                 │         │ (datasketch not        │ "soup-cli[data]" to     │
│                 │         │ installed)             │ enable                  │
│ prompt_leak     │ OK      │ 0/400 rows (0.0%) have │ min_prompt_len=40       │
│                 │         │ the prompt echoed      │                         │
│                 │         │ verbatim inside the    │                         │
│                 │         │ completion             │                         │
└─────────────────┴─────────┴────────────────────────┴─────────────────────────┘
╭────────── overall ───────────╮
│ MINOR — 400/400 rows scanned │
╰──────────────────────────────╯
Wrote artifacts/attempt-03/data-lint.json
