[2026-10-04T23:02:54.689081Z]                               soup data lint (dpo)                              
[2026-10-04T23:02:54.689341Z] ┏━━━━━━━━━━━━━━━━━┳━━━━━━━━━┳━━━━━━━━━━━━━━━━━━━━━━━━┳━━━━━━━━━━━━━━━━━━━━━━━━━┓
[2026-10-04T23:02:54.689389Z] ┃ Check           ┃ Verdict ┃ Message                ┃ Evidence                ┃
[2026-10-04T23:02:54.689410Z] ┡━━━━━━━━━━━━━━━━━╇━━━━━━━━━╇━━━━━━━━━━━━━━━━━━━━━━━━╇━━━━━━━━━━━━━━━━━━━━━━━━━┩
[2026-10-04T23:02:54.689430Z] │ length_bias     │ MINOR   │ effect size (Cohen's   │ mean chosen=44.2, mean  │
[2026-10-04T23:02:54.689446Z] │                 │         │ d) = 0.357 (chosen     │ rejected=33.5           │
[2026-10-04T23:02:54.689461Z] │                 │         │ longer than rejected); │                         │
[2026-10-04T23:02:54.689477Z] │                 │         │ chosen is longer in    │                         │
[2026-10-04T23:02:54.689492Z] │                 │         │ 59.8% of rows          │                         │
[2026-10-04T23:02:54.689507Z] │ identical_pairs │ OK      │ 0/400 rows (0.0%) have │                         │
[2026-10-04T23:02:54.689522Z] │                 │         │ chosen == rejected     │                         │
[2026-10-04T23:02:54.689537Z] │                 │         │ (zero preference       │                         │
[2026-10-04T23:02:54.689552Z] │                 │         │ signal)                │                         │
[2026-10-04T23:02:54.689578Z] │ near_duplicates │ OK      │ near-dup check skipped │ pip install             │
[2026-10-04T23:02:54.689594Z] │                 │         │ (datasketch not        │ "soup-cli[data]" to     │
[2026-10-04T23:02:54.689610Z] │                 │         │ installed)             │ enable                  │
[2026-10-04T23:02:54.689625Z] │ prompt_leak     │ OK      │ 0/400 rows (0.0%) have │ min_prompt_len=40       │
[2026-10-04T23:02:54.689640Z] │                 │         │ the prompt echoed      │                         │
[2026-10-04T23:02:54.689655Z] │                 │         │ verbatim inside the    │                         │
[2026-10-04T23:02:54.689670Z] │                 │         │ completion             │                         │
[2026-10-04T23:02:54.689685Z] └─────────────────┴─────────┴────────────────────────┴─────────────────────────┘
[2026-10-04T23:02:54.689970Z] ╭────────── overall ───────────╮
[2026-10-04T23:02:54.690006Z] │ MINOR — 400/400 rows scanned │
[2026-10-04T23:02:54.690023Z] ╰──────────────────────────────╯
[2026-10-04T23:02:54.694447Z] Wrote artifacts/attempt-03/data-lint.json
