[2026-10-04T23:02:33.146990Z] Soup Doctor - checking your environment...
[2026-10-04T23:02:33.147101Z] 
[2026-10-04T23:02:33.149716Z] ╭─────────────────────────────────── System ───────────────────────────────────╮
[2026-10-04T23:02:33.149765Z] │ Python:   3.12.13                                                            │
[2026-10-04T23:02:33.149783Z] │ Platform: Linux 6.6.122+                                                     │
[2026-10-04T23:02:33.149797Z] │ Arch:     x86_64                                                             │
[2026-10-04T23:02:33.149810Z] │ `soup` runs under /usr/bin/python3; `python` on your PATH is                 │
[2026-10-04T23:02:33.149823Z] │ /usr/local/bin/python. site-packages may differ — for any `python -c` check  │
[2026-10-04T23:02:33.149835Z] │ use the soup interpreter explicitly.                                         │
[2026-10-04T23:02:33.149850Z] ╰──────────────────────────────────────────────────────────────────────────────╯
[2026-10-04T23:02:35.377278Z] ╭──────────────────────────────────── GPU ─────────────────────────────────────╮
[2026-10-04T23:02:35.377366Z] │ CUDA:     available (v12.8)                                                  │
[2026-10-04T23:02:35.377388Z] │ GPUs:     1                                                                  │
[2026-10-04T23:02:35.377403Z] │   GPU 0: Tesla T4 (14.6 GB)                                                  │
[2026-10-04T23:02:35.377417Z] ╰──────────────────────────────────────────────────────────────────────────────╯
[2026-10-04T23:02:35.397567Z]     System Resources     
[2026-10-04T23:02:35.397628Z] ┏━━━━━━━━━━┳━━━━━━━━━━━━┓
[2026-10-04T23:02:35.397645Z] ┃ Resource ┃ Value      ┃
[2026-10-04T23:02:35.397658Z] ┡━━━━━━━━━━╇━━━━━━━━━━━━┩
[2026-10-04T23:02:35.397689Z] │ RAM      │ 13 GB      │
[2026-10-04T23:02:35.397701Z] │ Disk     │ 70 GB free │
[2026-10-04T23:02:35.397713Z] └──────────┴────────────┘
[2026-10-04T23:02:35.397725Z] 
[2026-10-04T23:02:51.455046Z]                               Dependencies                              
[2026-10-04T23:02:51.455279Z] ┏━━━━━━━━━━━━━━┳━━━━━━━━━━┳━━━━━━━━━━━━━━┳━━━━━━━━━━━━━┳━━━━━━━━━━━━━━━┓
[2026-10-04T23:02:51.455337Z] ┃ Package      ┃ Required ┃  Installed   ┃ Min Version ┃ Status        ┃
[2026-10-04T23:02:51.455361Z] ┡━━━━━━━━━━━━━━╇━━━━━━━━━━╇━━━━━━━━━━━━━━╇━━━━━━━━━━━━━╇━━━━━━━━━━━━━━━┩
[2026-10-04T23:02:51.455377Z] │ pydantic     │   yes    │    2.13.4    │ >=2.0.0     │ OK            │
[2026-10-04T23:02:51.455391Z] │ typer        │   yes    │    0.20.1    │ >=0.9.0     │ OK            │
[2026-10-04T23:02:51.455405Z] │ rich         │   yes    │    13.9.4    │ >=13.0.0    │ OK            │
[2026-10-04T23:02:51.455418Z] │ pyyaml       │   yes    │    6.0.3     │ >=6.0       │ OK            │
[2026-10-04T23:02:51.455432Z] │ plotext      │   yes    │    6.1.0     │ >=5.2.0     │ OK            │
[2026-10-04T23:02:51.455445Z] │ fastapi      │ optional │   0.139.0    │ >=0.104.0   │ OK            │
[2026-10-04T23:02:51.455470Z] │ uvicorn      │ optional │    0.51.0    │ >=0.24.0    │ OK            │
[2026-10-04T23:02:51.455484Z] │ datasketch   │ optional │      -       │ >=1.6.0     │ not installed │
[2026-10-04T23:02:51.455498Z] │ lm-eval      │ optional │      -       │ >=0.4.0     │ not installed │
[2026-10-04T23:02:51.455511Z] │ wandb        │ optional │    0.28.0    │ >=0.15.0    │ OK            │
[2026-10-04T23:02:51.455524Z] │ deepspeed    │ optional │      -       │ >=0.12.0    │ not installed │
[2026-10-04T23:02:51.455538Z] │ httpx        │ optional │    0.28.1    │ >=0.24.0    │ OK            │
[2026-10-04T23:02:51.455550Z] │ unsloth      │ optional │      -       │ >=2024.8    │ not installed │
[2026-10-04T23:02:51.455563Z] │ Pillow       │ optional │    11.3.0    │ >=9.0.0     │ OK            │
[2026-10-04T23:02:51.455576Z] │ torchao      │ optional │      -       │ >=0.4.0     │ not installed │
[2026-10-04T23:02:51.455589Z] │ sglang       │ optional │      -       │ >=0.2.0     │ not installed │
[2026-10-04T23:02:51.455607Z] │ librosa      │ optional │    0.11.0    │ >=0.10.0    │ OK            │
[2026-10-04T23:02:51.455621Z] │ torch        │ [train]  │ 2.11.0+cu128 │ >=2.6.0     │ OK            │
[2026-10-04T23:02:51.455634Z] │ transformers │ [train]  │    5.16.1    │ >=5.16.1    │ OK            │
[2026-10-04T23:02:51.455647Z] │ peft         │ [train]  │    0.20.0    │ >=0.20.0    │ OK            │
[2026-10-04T23:02:51.455660Z] │ trl          │ [train]  │    0.29.0    │ >=0.29.0    │ OK            │
[2026-10-04T23:02:51.455673Z] │ datasets     │ [train]  │    4.0.0     │ >=2.14.0    │ OK            │
[2026-10-04T23:02:51.455686Z] │ bitsandbytes │ [train]  │    0.50.2    │ >=0.41.0    │ OK            │
[2026-10-04T23:02:51.455699Z] │ accelerate   │ [train]  │    1.14.0    │ >=0.27.0    │ OK            │
[2026-10-04T23:02:51.455712Z] └──────────────┴──────────┴──────────────┴─────────────┴───────────────┘
[2026-10-04T23:02:51.458122Z] 
[2026-10-04T23:02:51.458159Z] All checks passed! Your environment is ready.
[2026-10-04T23:02:51.482189Z] 
[2026-10-04T23:02:51.483924Z] Config check - task=dpo backend=transformers
[2026-10-04T23:02:51.485118Z]   Every setting this config writes is read on this backend.
[2026-10-04T23:02:51.485149Z] 
[2026-10-04T23:02:51.485164Z] GitHub: https://github.com/MakazhanAlpamys/Soup
