[2026-10-04T23:04:57.809140Z] Sun Oct  4 23:04:57 2026       
[2026-10-04T23:04:57.809426Z] +-----------------------------------------------------------------------------------------+
[2026-10-04T23:04:57.809460Z] | NVIDIA-SMI 580.82.07              Driver Version: 580.82.07      CUDA Version: 13.0     |
[2026-10-04T23:04:57.809474Z] +-----------------------------------------+------------------------+----------------------+
[2026-10-04T23:04:57.809485Z] | GPU  Name                 Persistence-M | Bus-Id          Disp.A | Volatile Uncorr. ECC |
[2026-10-04T23:04:57.811281Z] | Fan  Temp   Perf          Pwr:Usage/Cap |           Memory-Usage | GPU-Util  Compute M. |
[2026-10-04T23:04:57.811299Z] |                                         |                        |               MIG M. |
[2026-10-04T23:04:57.811423Z] |=========================================+========================+======================|
[2026-10-04T23:04:57.828389Z] |   0  Tesla T4                       Off |   00000000:00:04.0 Off |                    0 |
[2026-10-04T23:04:57.828422Z] | N/A   52C    P0             30W /   70W |       0MiB /  15360MiB |      9%      Default |
[2026-10-04T23:04:57.828435Z] |                                         |                        |                  N/A |
[2026-10-04T23:04:57.828447Z] +-----------------------------------------+------------------------+----------------------+
[2026-10-04T23:04:57.829365Z] 
[2026-10-04T23:04:57.829394Z] +-----------------------------------------------------------------------------------------+
[2026-10-04T23:04:57.829422Z] | Processes:                                                                              |
[2026-10-04T23:04:57.829433Z] |  GPU   GI   CI              PID   Type   Process name                        GPU Memory |
[2026-10-04T23:04:57.829444Z] |        ID   ID                                                               Usage      |
[2026-10-04T23:04:57.829455Z] |=========================================================================================|
[2026-10-04T23:04:57.829466Z] |  No running processes found                                                             |
[2026-10-04T23:04:57.829477Z] +-----------------------------------------------------------------------------------------+
