[2026-10-04T23:02:27.958805Z] Sun Oct  4 23:02:27 2026       
[2026-10-04T23:02:27.958875Z] +-----------------------------------------------------------------------------------------+
[2026-10-04T23:02:27.958894Z] | NVIDIA-SMI 580.82.07              Driver Version: 580.82.07      CUDA Version: 13.0     |
[2026-10-04T23:02:27.958906Z] +-----------------------------------------+------------------------+----------------------+
[2026-10-04T23:02:27.958917Z] | GPU  Name                 Persistence-M | Bus-Id          Disp.A | Volatile Uncorr. ECC |
[2026-10-04T23:02:27.958927Z] | Fan  Temp   Perf          Pwr:Usage/Cap |           Memory-Usage | GPU-Util  Compute M. |
[2026-10-04T23:02:27.958937Z] |                                         |                        |               MIG M. |
[2026-10-04T23:02:27.958947Z] |=========================================+========================+======================|
[2026-10-04T23:02:27.987038Z] |   0  Tesla T4                       Off |   00000000:00:04.0 Off |                    0 |
[2026-10-04T23:02:27.987085Z] | N/A   35C    P8              9W /   70W |       0MiB /  15360MiB |      0%      Default |
[2026-10-04T23:02:27.987101Z] |                                         |                        |                  N/A |
[2026-10-04T23:02:27.987114Z] +-----------------------------------------+------------------------+----------------------+
[2026-10-04T23:02:27.987127Z] 
[2026-10-04T23:02:27.987139Z] +-----------------------------------------------------------------------------------------+
[2026-10-04T23:02:27.987151Z] | Processes:                                                                              |
[2026-10-04T23:02:27.987162Z] |  GPU   GI   CI              PID   Type   Process name                        GPU Memory |
[2026-10-04T23:02:27.987173Z] |        ID   ID                                                               Usage      |
[2026-10-04T23:02:27.987184Z] |=========================================================================================|
[2026-10-04T23:02:27.987195Z] |  No running processes found                                                             |
[2026-10-04T23:02:27.987207Z] +-----------------------------------------------------------------------------------------+
