[2026-10-04T22:38:21.689384Z]                               soup data lint (dpo)                              
[2026-10-04T22:38:21.689455Z] ┏━━━━━━━━━━━━━━━━━┳━━━━━━━━━┳━━━━━━━━━━━━━━━━━━━━━━━━┳━━━━━━━━━━━━━━━━━━━━━━━━━┓
[2026-10-04T22:38:21.689481Z] ┃ Check           ┃ Verdict ┃ Message                ┃ Evidence                ┃
[2026-10-04T22:38:21.689498Z] ┡━━━━━━━━━━━━━━━━━╇━━━━━━━━━╇━━━━━━━━━━━━━━━━━━━━━━━━╇━━━━━━━━━━━━━━━━━━━━━━━━━┩
[2026-10-04T22:38:21.689515Z] │ length_bias     │ MINOR   │ effect size (Cohen's   │ mean chosen=44.2, mean  │
[2026-10-04T22:38:21.689530Z] │                 │         │ d) = 0.357 (chosen     │ rejected=33.5           │
[2026-10-04T22:38:21.689543Z] │                 │         │ longer than rejected); │                         │
[2026-10-04T22:38:21.689556Z] │                 │         │ chosen is longer in    │                         │
[2026-10-04T22:38:21.689569Z] │                 │         │ 59.8% of rows          │                         │
[2026-10-04T22:38:21.689583Z] │ identical_pairs │ OK      │ 0/400 rows (0.0%) have │                         │
[2026-10-04T22:38:21.689597Z] │                 │         │ chosen == rejected     │                         │
[2026-10-04T22:38:21.689611Z] │                 │         │ (zero preference       │                         │
[2026-10-04T22:38:21.689624Z] │                 │         │ signal)                │                         │
[2026-10-04T22:38:21.689637Z] │ near_duplicates │ OK      │ near-dup check skipped │ pip install             │
[2026-10-04T22:38:21.689650Z] │                 │         │ (datasketch not        │ "soup-cli[data]" to     │
[2026-10-04T22:38:21.689664Z] │                 │         │ installed)             │ enable                  │
[2026-10-04T22:38:21.689677Z] │ prompt_leak     │ OK      │ 0/400 rows (0.0%) have │ min_prompt_len=40       │
[2026-10-04T22:38:21.689692Z] │                 │         │ the prompt echoed      │                         │
[2026-10-04T22:38:21.689705Z] │                 │         │ verbatim inside the    │                         │
[2026-10-04T22:38:21.689719Z] │                 │         │ completion             │                         │
[2026-10-04T22:38:21.689733Z] └─────────────────┴─────────┴────────────────────────┴─────────────────────────┘
[2026-10-04T22:38:21.691291Z] ╭────────── overall ───────────╮
[2026-10-04T22:38:21.691360Z] │ MINOR — 400/400 rows scanned │
[2026-10-04T22:38:21.691380Z] ╰──────────────────────────────╯
[2026-10-04T22:38:21.694879Z] Wrote artifacts/attempt-01/data-lint.json
