[2026-10-04T22:37:25.666180Z] Soup Doctor - checking your environment...
[2026-10-04T22:37:25.666247Z] 
[2026-10-04T22:37:25.668357Z] ╭─────────────────────────────────── System ───────────────────────────────────╮
[2026-10-04T22:37:25.668409Z] │ Python:   3.12.13                                                            │
[2026-10-04T22:37:25.668427Z] │ Platform: Linux 6.6.122+                                                     │
[2026-10-04T22:37:25.668441Z] │ Arch:     x86_64                                                             │
[2026-10-04T22:37:25.668454Z] │ `soup` runs under /usr/bin/python3; `python` on your PATH is                 │
[2026-10-04T22:37:25.668467Z] │ /usr/local/bin/python. site-packages may differ — for any `python -c` check  │
[2026-10-04T22:37:25.668480Z] │ use the soup interpreter explicitly.                                         │
[2026-10-04T22:37:25.668492Z] ╰──────────────────────────────────────────────────────────────────────────────╯
[2026-10-04T22:37:34.897375Z] ╭──────────────────────────────────── GPU ─────────────────────────────────────╮
[2026-10-04T22:37:34.898229Z] │ CUDA:     available (v12.8)                                                  │
[2026-10-04T22:37:34.898790Z] │ GPUs:     1                                                                  │
[2026-10-04T22:37:34.898877Z] │   GPU 0: Tesla T4 (14.6 GB)                                                  │
[2026-10-04T22:37:34.898911Z] ╰──────────────────────────────────────────────────────────────────────────────╯
[2026-10-04T22:37:34.915821Z]     System Resources     
[2026-10-04T22:37:34.916878Z] ┏━━━━━━━━━━┳━━━━━━━━━━━━┓
[2026-10-04T22:37:34.916914Z] ┃ Resource ┃ Value      ┃
[2026-10-04T22:37:34.916930Z] ┡━━━━━━━━━━╇━━━━━━━━━━━━┩
[2026-10-04T22:37:34.916944Z] │ RAM      │ 13 GB      │
[2026-10-04T22:37:34.916958Z] │ Disk     │ 71 GB free │
[2026-10-04T22:37:34.916971Z] └──────────┴────────────┘
[2026-10-04T22:37:34.916989Z] 
[2026-10-04T22:38:15.254238Z]                               Dependencies                              
[2026-10-04T22:38:15.254302Z] ┏━━━━━━━━━━━━━━┳━━━━━━━━━━┳━━━━━━━━━━━━━━┳━━━━━━━━━━━━━┳━━━━━━━━━━━━━━━┓
[2026-10-04T22:38:15.254355Z] ┃ Package      ┃ Required ┃  Installed   ┃ Min Version ┃ Status        ┃
[2026-10-04T22:38:15.254378Z] ┡━━━━━━━━━━━━━━╇━━━━━━━━━━╇━━━━━━━━━━━━━━╇━━━━━━━━━━━━━╇━━━━━━━━━━━━━━━┩
[2026-10-04T22:38:15.254416Z] │ pydantic     │   yes    │    2.13.4    │ >=2.0.0     │ OK            │
[2026-10-04T22:38:15.254433Z] │ typer        │   yes    │    0.20.1    │ >=0.9.0     │ OK            │
[2026-10-04T22:38:15.254449Z] │ rich         │   yes    │    13.9.4    │ >=13.0.0    │ OK            │
[2026-10-04T22:38:15.254465Z] │ pyyaml       │   yes    │    6.0.3     │ >=6.0       │ OK            │
[2026-10-04T22:38:15.254482Z] │ plotext      │   yes    │    6.1.0     │ >=5.2.0     │ OK            │
[2026-10-04T22:38:15.254498Z] │ fastapi      │ optional │   0.139.0    │ >=0.104.0   │ OK            │
[2026-10-04T22:38:15.254523Z] │ uvicorn      │ optional │    0.51.0    │ >=0.24.0    │ OK            │
[2026-10-04T22:38:15.254539Z] │ datasketch   │ optional │      -       │ >=1.6.0     │ not installed │
[2026-10-04T22:38:15.254554Z] │ lm-eval      │ optional │      -       │ >=0.4.0     │ not installed │
[2026-10-04T22:38:15.254570Z] │ wandb        │ optional │    0.28.0    │ >=0.15.0    │ OK            │
[2026-10-04T22:38:15.254585Z] │ deepspeed    │ optional │      -       │ >=0.12.0    │ not installed │
[2026-10-04T22:38:15.254599Z] │ httpx        │ optional │    0.28.1    │ >=0.24.0    │ OK            │
[2026-10-04T22:38:15.254614Z] │ unsloth      │ optional │      -       │ >=2024.8    │ not installed │
[2026-10-04T22:38:15.254630Z] │ Pillow       │ optional │    11.3.0    │ >=9.0.0     │ OK            │
[2026-10-04T22:38:15.254646Z] │ torchao      │ optional │    0.10.0    │ >=0.4.0     │ OK            │
[2026-10-04T22:38:15.254662Z] │ sglang       │ optional │      -       │ >=0.2.0     │ not installed │
[2026-10-04T22:38:15.254682Z] │ librosa      │ optional │    0.11.0    │ >=0.10.0    │ OK            │
[2026-10-04T22:38:15.254697Z] │ torch        │ [train]  │ 2.11.0+cu128 │ >=2.6.0     │ OK            │
[2026-10-04T22:38:15.254711Z] │ transformers │ [train]  │    5.16.1    │ >=5.16.1    │ OK            │
[2026-10-04T22:38:15.254725Z] │ peft         │ [train]  │    0.20.0    │ >=0.20.0    │ OK            │
[2026-10-04T22:38:15.254739Z] │ trl          │ [train]  │    0.29.0    │ >=0.29.0    │ OK            │
[2026-10-04T22:38:15.254752Z] │ datasets     │ [train]  │    4.0.0     │ >=2.14.0    │ OK            │
[2026-10-04T22:38:15.254766Z] │ bitsandbytes │ [train]  │    0.50.2    │ >=0.41.0    │ OK            │
[2026-10-04T22:38:15.254780Z] │ accelerate   │ [train]  │    1.14.0    │ >=0.27.0    │ OK            │
[2026-10-04T22:38:15.254794Z] └──────────────┴──────────┴──────────────┴─────────────┴───────────────┘
[2026-10-04T22:38:15.257835Z] 
[2026-10-04T22:38:15.257884Z] All checks passed! Your environment is ready.
[2026-10-04T22:38:15.265771Z] 
[2026-10-04T22:38:15.265812Z] Config check - task=dpo backend=transformers
[2026-10-04T22:38:15.266468Z]   Every setting this config writes is read on this backend.
[2026-10-04T22:38:15.267020Z] 
[2026-10-04T22:38:15.267146Z] GitHub: https://github.com/MakazhanAlpamys/Soup
