[2026-10-04T22:38:50.075338Z] Sun Oct  4 22:38:50 2026       
[2026-10-04T22:38:50.075414Z] +-----------------------------------------------------------------------------------------+
[2026-10-04T22:38:50.075431Z] | NVIDIA-SMI 580.82.07              Driver Version: 580.82.07      CUDA Version: 13.0     |
[2026-10-04T22:38:50.075442Z] +-----------------------------------------+------------------------+----------------------+
[2026-10-04T22:38:50.075453Z] | GPU  Name                 Persistence-M | Bus-Id          Disp.A | Volatile Uncorr. ECC |
[2026-10-04T22:38:50.075464Z] | Fan  Temp   Perf          Pwr:Usage/Cap |           Memory-Usage | GPU-Util  Compute M. |
[2026-10-04T22:38:50.075475Z] |                                         |                        |               MIG M. |
[2026-10-04T22:38:50.075487Z] |=========================================+========================+======================|
[2026-10-04T22:38:50.085516Z] |   0  Tesla T4                       Off |   00000000:00:04.0 Off |                    0 |
[2026-10-04T22:38:50.085562Z] | N/A   38C    P0             26W /   70W |       0MiB /  15360MiB |      2%      Default |
[2026-10-04T22:38:50.085579Z] |                                         |                        |                  N/A |
[2026-10-04T22:38:50.085592Z] +-----------------------------------------+------------------------+----------------------+
[2026-10-04T22:38:50.086135Z] 
[2026-10-04T22:38:50.086174Z] +-----------------------------------------------------------------------------------------+
[2026-10-04T22:38:50.086189Z] | Processes:                                                                              |
[2026-10-04T22:38:50.086201Z] |  GPU   GI   CI              PID   Type   Process name                        GPU Memory |
[2026-10-04T22:38:50.086213Z] |        ID   ID                                                               Usage      |
[2026-10-04T22:38:50.086224Z] |=========================================================================================|
[2026-10-04T22:38:50.086733Z] |  No running processes found                                                             |
[2026-10-04T22:38:50.086780Z] +-----------------------------------------------------------------------------------------+
