[2026-10-04T22:37:20.573747Z] Sun Oct  4 22:37:20 2026       
[2026-10-04T22:37:20.573825Z] +-----------------------------------------------------------------------------------------+
[2026-10-04T22:37:20.573845Z] | NVIDIA-SMI 580.82.07              Driver Version: 580.82.07      CUDA Version: 13.0     |
[2026-10-04T22:37:20.573858Z] +-----------------------------------------+------------------------+----------------------+
[2026-10-04T22:37:20.573870Z] | GPU  Name                 Persistence-M | Bus-Id          Disp.A | Volatile Uncorr. ECC |
[2026-10-04T22:37:20.573881Z] | Fan  Temp   Perf          Pwr:Usage/Cap |           Memory-Usage | GPU-Util  Compute M. |
[2026-10-04T22:37:20.573893Z] |                                         |                        |               MIG M. |
[2026-10-04T22:37:20.573904Z] |=========================================+========================+======================|
[2026-10-04T22:37:20.590247Z] |   0  Tesla T4                       Off |   00000000:00:04.0 Off |                    0 |
[2026-10-04T22:37:20.590293Z] | N/A   39C    P8             13W /   70W |       0MiB /  15360MiB |      0%      Default |
[2026-10-04T22:37:20.590506Z] |                                         |                        |                  N/A |
[2026-10-04T22:37:20.590607Z] +-----------------------------------------+------------------------+----------------------+
[2026-10-04T22:37:20.590633Z] 
[2026-10-04T22:37:20.590651Z] +-----------------------------------------------------------------------------------------+
[2026-10-04T22:37:20.590666Z] | Processes:                                                                              |
[2026-10-04T22:37:20.590681Z] |  GPU   GI   CI              PID   Type   Process name                        GPU Memory |
[2026-10-04T22:37:20.590698Z] |        ID   ID                                                               Usage      |
[2026-10-04T22:37:20.590713Z] |=========================================================================================|
[2026-10-04T22:37:20.591591Z] |  No running processes found                                                             |
[2026-10-04T22:37:20.591649Z] +-----------------------------------------------------------------------------------------+
