Writing model shards:   0%|          | 0/1 [00:00<?, ?it/s]Writing model shards: 100%|██████████| 1/1 [00:00<00:00, 397.90it/s]
[transformers] `torch_dtype` is deprecated! Use `dtype` instead!
Traceback (most recent call last):
  File "/content/soup-assignment/scripts/check_streaming.py", line 146, in <module>
    raise SystemExit(main())
                     ^^^^^^
  File "/content/soup-assignment/scripts/check_streaming.py", line 139, in main
    result = run_check(args.device, args.dtype)
             ^^^^^^^^^^^^^^^^^^^^^^^^^^^^^^^^^^
  File "/content/soup-assignment/scripts/check_streaming.py", line 55, in run_check
    streamed, runtime = build_streamed_model(
                        ^^^^^^^^^^^^^^^^^^^^^
  File "/usr/local/lib/python3.12/dist-packages/soup_cli/utils/layer_stream_runtime.py", line 2481, in build_streamed_model
    model = get_peft_model(model, lora_config)
            ^^^^^^^^^^^^^^^^^^^^^^^^^^^^^^^^^^
  File "/usr/local/lib/python3.12/dist-packages/peft/mapping_func.py", line 122, in get_peft_model
    return MODEL_TYPE_TO_PEFT_MODEL_MAPPING[peft_config.task_type](
           ^^^^^^^^^^^^^^^^^^^^^^^^^^^^^^^^^^^^^^^^^^^^^^^^^^^^^^^^
  File "/usr/local/lib/python3.12/dist-packages/peft/peft_model.py", line 2063, in __init__
    super().__init__(model, peft_config, adapter_name, **kwargs)
  File "/usr/local/lib/python3.12/dist-packages/peft/peft_model.py", line 164, in __init__
    self.base_model = cls(model, {adapter_name: peft_config}, adapter_name)
                      ^^^^^^^^^^^^^^^^^^^^^^^^^^^^^^^^^^^^^^^^^^^^^^^^^^^^^
  File "/usr/local/lib/python3.12/dist-packages/peft/tuners/tuners_utils.py", line 318, in __init__
    self.inject_adapter(self.model, adapter_name, low_cpu_mem_usage=low_cpu_mem_usage, state_dict=state_dict)
  File "/usr/local/lib/python3.12/dist-packages/peft/tuners/tuners_utils.py", line 917, in inject_adapter
    self._create_and_replace(
  File "/usr/local/lib/python3.12/dist-packages/peft/tuners/lora/model.py", line 281, in _create_and_replace
    new_module = self._create_new_module(lora_config, adapter_name, target, device_map=device_map, **kwargs)
                 ^^^^^^^^^^^^^^^^^^^^^^^^^^^^^^^^^^^^^^^^^^^^^^^^^^^^^^^^^^^^^^^^^^^^^^^^^^^^^^^^^^^^^^^^^^^
  File "/usr/local/lib/python3.12/dist-packages/peft/tuners/lora/model.py", line 430, in _create_new_module
    new_module = dispatcher(target, adapter_name, config=lora_config, **kwargs)
                 ^^^^^^^^^^^^^^^^^^^^^^^^^^^^^^^^^^^^^^^^^^^^^^^^^^^^^^^^^^^^^^
  File "/usr/local/lib/python3.12/dist-packages/peft/tuners/lora/torchao.py", line 160, in dispatch_torchao
    if not is_torchao_available():
           ^^^^^^^^^^^^^^^^^^^^^^
  File "/usr/local/lib/python3.12/dist-packages/peft/import_utils.py", line 147, in is_torchao_available
    raise ImportError(
ImportError: Found an incompatible version of torchao. Found version 0.10.0, but only versions above 0.16.0 are supported
